
> bytech-site@1.0.0 dev
> next dev -p 3100 -p 3000

▲ Next.js 16.2.12 (Turbopack)
- Local:         http://localhost:3000
- Network:       http://192.168.1.183:3000
✓ Ready in 420ms

 GET / 200 in 2.9s (next.js: 2.5s, application-code: 357ms)
 GET / 200 in 170ms (next.js: 4ms, application-code: 166ms)
[browser] A tree hydrated but some attributes of the server rendered HTML didn't match the client properties. This won't be patched up. This can happen if a SSR-ed Client Component used:

- A server/client branch `if (typeof window !== 'undefined')`.
- Variable input such as `Date.now()` or `Math.random()` which changes each time it's called.
- Date formatting in a user's locale which doesn't match the server.
- External changing data without sending a snapshot of it along with the HTML.
- Invalid HTML tag nesting.

It can also happen if the client has a browser extension installed which messes with the HTML before React loaded.

https://react.dev/link/hydration-mismatch

  ...
    <HotReload globalError={[...]} webSocket={WebSocket} staticIndicatorState={{pathname:null, ...}}>
      <AppDevOverlayErrorBoundary globalError={[...]}>
        <ReplaySsrOnlyErrors>
        <DevRootHTTPAccessFallbackBoundary>
          <HTTPAccessFallbackBoundary notFound={<NotAllowedRootHTTPFallbackError>}>
            <HTTPAccessFallbackErrorBoundary pathname="/" notFound={<NotAllowedRootHTTPFallbackError>} ...>
              <RedirectBoundary>
                <RedirectErrorBoundary router={{...}}>
                  <Head>
                  <__next_root_layout_boundary__>
                    <SegmentViewNode type="layout" pagePath="layout.js">
                      <SegmentTrieNode>
                      <link>
                      <script>
                      <script>
                      <script>
                      <RootLayout>
                        <html lang="en-GB" className="inter_817e...">
                          <body
                            className="font-sans antialiased"
-                           data-new-gr-c-s-check-loaded="14.1315.0"
-                           data-gr-ext-installed=""
                          >
                  ...
 
 GET / 200 in 157ms (next.js: 5ms, application-code: 152ms)
✓ Compiled in 331ms
✓ Compiled in 132ms
 GET / 200 in 148ms (next.js: 74ms, application-code: 73ms)
 GET /track-repair 200 in 911ms (next.js: 874ms, application-code: 36ms)
[browser] Detected `scroll-behavior: smooth` on the `<html>` element. To disable smooth scrolling during route transitions, add `data-scroll-behavior="smooth"` to your <html> element. Learn more: https://nextjs.org/docs/messages/missing-data-scroll-behavior
 GET /track-repair 200 in 36ms (next.js: 3ms, application-code: 33ms)
 GET /track-repair 200 in 32ms (next.js: 2ms, application-code: 30ms)
 GET /track-repair 200 in 24ms (next.js: 3ms, application-code: 21ms)
 GET /track-repair 200 in 22ms (next.js: 2ms, application-code: 20ms)
 GET / 200 in 27ms (next.js: 3ms, application-code: 24ms)
 GET / 200 in 62ms (next.js: 4ms, application-code: 57ms)
 GET /book-repair 200 in 451ms (next.js: 407ms, application-code: 44ms)
✓ Compiled in 83ms
 GET /book-repair 200 in 180ms (next.js: 62ms, application-code: 119ms)
 GET /book-repair 200 in 75ms (next.js: 3ms, application-code: 72ms)
 GET /book-repair 200 in 32ms (next.js: 3ms, application-code: 29ms)
✓ Compiled in 84ms
 GET /book-repair 200 in 266ms (next.js: 81ms, application-code: 184ms)
 GET /book-repair 200 in 122ms (next.js: 3ms, application-code: 118ms)
 GET /book-repair 200 in 78ms (next.js: 12ms, application-code: 66ms)
 GET /track-repair 200 in 105ms (next.js: 60ms, application-code: 45ms)
 GET /book-repair 200 in 30ms (next.js: 3ms, application-code: 27ms)
[v0] Error creating ticket:  code: ECONNREFUSED
 POST /api/tickets 500 in 279ms (next.js: 246ms, application-code: 33ms)
[v0] Error creating ticket:  code: ECONNREFUSED
 POST /api/tickets 500 in 8ms (next.js: 1911µs, application-code: 6ms)
[v0] Error creating ticket:  code: ECONNREFUSED
 POST /api/tickets 500 in 11ms (next.js: 2ms, application-code: 9ms)
[v0] Error creating ticket:  code: ECONNREFUSED
 POST /api/tickets 500 in 10ms (next.js: 2ms, application-code: 7ms)
[v0] Error creating ticket:  code: ECONNREFUSED
 POST /api/tickets 500 in 7ms (next.js: 1508µs, application-code: 6ms)
 GET /track-repair 200 in 28ms (next.js: 2ms, application-code: 25ms)
 GET / 200 in 111ms (next.js: 65ms, application-code: 45ms)
 GET /track-repair 200 in 53ms (next.js: 5ms, application-code: 48ms)
 GET / 200 in 24ms (next.js: 3ms, application-code: 21ms)
 GET /book-repair 200 in 40ms (next.js: 5ms, application-code: 35ms)
 GET / 200 in 23ms (next.js: 2ms, application-code: 21ms)
 GET /book-repair 200 in 41ms (next.js: 3ms, application-code: 38ms)
✓ Compiled in 94ms
 GET / 200 in 108ms (next.js: 65ms, application-code: 43ms)
✓ Compiled in 77ms
 GET / 200 in 110ms (next.js: 68ms, application-code: 43ms)
 GET / 200 in 286ms (next.js: 3ms, application-code: 283ms)
 GET /book-repair 200 in 44ms (next.js: 11ms, application-code: 34ms)
[browser] Detected `scroll-behavior: smooth` on the `<html>` element. To disable smooth scrolling during route transitions, add `data-scroll-behavior="smooth"` to your <html> element. Learn more: https://nextjs.org/docs/messages/missing-data-scroll-behavior
 GET / 200 in 29ms (next.js: 2ms, application-code: 26ms)
 GET / 200 in 7ms (next.js: 3ms, application-code: 5ms)
✓ Compiled in 70ms
 GET / 200 in 250ms (next.js: 66ms, application-code: 185ms)
 GET / 200 in 144ms (next.js: 5ms, application-code: 140ms)
 GET / 200 in 102ms (next.js: 4ms, application-code: 97ms)
 GET / 200 in 101ms (next.js: 51ms, application-code: 50ms)
 GET / 200 in 101ms (next.js: 71ms, application-code: 30ms)
 GET / 200 in 102ms (next.js: 25ms, application-code: 77ms)
✓ Compiled in 75ms
 GET / 200 in 264ms (next.js: 69ms, application-code: 195ms)
 GET / 200 in 157ms (next.js: 4ms, application-code: 153ms)
 GET / 200 in 131ms (next.js: 5ms, application-code: 126ms)
 GET / 200 in 131ms (next.js: 38ms, application-code: 93ms)
 GET / 200 in 131ms (next.js: 81ms, application-code: 50ms)
 GET / 200 in 131ms (next.js: 101ms, application-code: 31ms)
 GET /track-repair 200 in 113ms (next.js: 61ms, application-code: 52ms)
 GET /book-repair 200 in 107ms (next.js: 67ms, application-code: 40ms)
[?25h
